// Jest Snapshot v1, https://goo.gl/fbAQLP

exports[`Header.js 1`] = `
<DocumentFragment>
  <div
    class="ui borderless top fixed menu"
  >
    <div
      class="item"
    >
      <i
        class="large icon fly"
      />
      WestElm
    </div>
  </div>
</DocumentFragment>
`;
